*** The current working directory is /work/project/fragencode/tools/atacseq/fragencode-atacseq-pipeline/test ***
Building DAG of jobs...
Using shell: /usr/bin/bash
Provided cores: 4
Rules claiming more threads will be scaled down.
Job counts:
	count	jobs
	1	map
	1

[Thu Aug 22 12:18:04 2019]
rule map:
    input: liver/pig1/trimming/pig1_liver/pig1_liver_R1_val_1.fq.gz, liver/pig1/trimming/pig1_liver/pig1_liver_R2_val_2.fq.gz
    output: liver/pig1/mapping/pig1_liver.sam
    log: logs/mapping/liver/pig1/pig1_liver.map.log
    jobid: 0
    wildcards: tiss=liver, anim=pig1, sample=pig1_liver
    threads: 4

bowtie2 -t -p 4 -X 2000 -x /work/project/fragencode/tools/atacseq/fragencode-atacseq-pipeline/test/small.fa -1 liver/pig1/trimming/pig1_liver/pig1_liver_R1_val_1.fq.gz -2 liver/pig1/trimming/pig1_liver/pig1_liver_R2_val_2.fq.gz --met 60 --met-file logs/mapping/liver/pig1/pig1_liver.map.log -S liver/pig1/mapping/pig1_liver.sam
(ERR): "/work/project/fragencode/tools/atacseq/fragencode-atacseq-pipeline/test/small.fa" does not exist or is not a Bowtie 2 index
Exiting now ...
[Thu Aug 22 12:18:04 2019]
Error in rule map:
    jobid: 0
    output: liver/pig1/mapping/pig1_liver.sam
    log: logs/mapping/liver/pig1/pig1_liver.map.log (check log file(s) for error message)
    shell:
        bowtie2 -t -p 4 -X 2000 -x /work/project/fragencode/tools/atacseq/fragencode-atacseq-pipeline/test/small.fa -1 liver/pig1/trimming/pig1_liver/pig1_liver_R1_val_1.fq.gz -2 liver/pig1/trimming/pig1_liver/pig1_liver_R2_val_2.fq.gz --met 60 --met-file logs/mapping/liver/pig1/pig1_liver.map.log -S liver/pig1/mapping/pig1_liver.sam
        (exited with non-zero exit code)

Shutting down, this might take some time.
Exiting because a job execution failed. Look above for error message
