*** The current working directory is /work/project/fragencode/tools/atacseq/fragencode-atacseq-pipeline/test ***
Building DAG of jobs...
Using shell: /usr/bin/bash
Provided cores: 1
Rules claiming more threads will be scaled down.
Job counts:
	count	jobs
	1	peakcall
	1

[Thu Aug 22 13:34:52 2019]
rule peakcall:
    input: liver/pig1/filtering/pig1_liver.q10.noMT.nodup.bam
    output: liver/pig1/peaks/pig1_liver.q10.noMT.nodup.macs_peaks.narrowPeak
    log: logs/peakcalling/liver/pig1/pig1_liver.peakcall.log
    jobid: 0
    wildcards: tiss=liver, anim=pig1, sample=pig1_liver

macs2 callpeak --nomodel -f BAMPE -t liver/pig1/filtering/pig1_liver.q10.noMT.nodup.bam -n liver/pig1/peaks/pig1_liver.q10.noMT.nodup.macs --keep-dup all --verbose 0 2> logs/peakcalling/liver/pig1/pig1_liver.peakcall.log
Activating conda environment: /work/project/fragencode/tools/atacseq/fragencode-atacseq-pipeline/test/.snakemake/conda/e1788843
[Thu Aug 22 13:35:03 2019]
Finished job 0.
1 of 1 steps (100%) done
