*** The current working directory is /work/project/fragencode/tools/atacseq/fragencode-atacseq-pipeline/test ***
Building DAG of jobs...
Using shell: /usr/bin/bash
Provided cores: 4
Rules claiming more threads will be scaled down.
Job counts:
	count	jobs
	1	map
	1

[Thu Aug 22 13:31:17 2019]
rule map:
    input: liver/pig1/trimming/pig1_liver/pig1_liver_R1_val_1.fq.gz, liver/pig1/trimming/pig1_liver/pig1_liver_R2_val_2.fq.gz
    output: liver/pig1/mapping/pig1_liver.sam
    log: logs/mapping/liver/pig1/pig1_liver.map.log
    jobid: 0
    wildcards: tiss=liver, anim=pig1, sample=pig1_liver
    threads: 4

bowtie2 -t -p 4 -X 2000 -x /work/project/fragencode/tools/atacseq/fragencode-atacseq-pipeline/test/small.fa -1 liver/pig1/trimming/pig1_liver/pig1_liver_R1_val_1.fq.gz -2 liver/pig1/trimming/pig1_liver/pig1_liver_R2_val_2.fq.gz --met 60 --met-file logs/mapping/liver/pig1/pig1_liver.map.log -S liver/pig1/mapping/pig1_liver.sam
Time loading reference: 00:00:00
Time loading forward index: 00:00:00
Time loading mirror index: 00:00:00
Multiseed full-index search: 00:01:21
977292 reads; of these:
  977292 (100.00%) were paired; of these:
    945736 (96.77%) aligned concordantly 0 times
    5870 (0.60%) aligned concordantly exactly 1 time
    25686 (2.63%) aligned concordantly >1 times
    ----
    945736 pairs aligned concordantly 0 times; of these:
      168 (0.02%) aligned discordantly 1 time
    ----
    945568 pairs aligned 0 times concordantly or discordantly; of these:
      1891136 mates make up the pairs; of these:
        1876559 (99.23%) aligned 0 times
        4225 (0.22%) aligned exactly 1 time
        10352 (0.55%) aligned >1 times
3.99% overall alignment rate
Time searching: 00:01:21
Overall time: 00:01:21
[Thu Aug 22 13:32:39 2019]
Finished job 0.
1 of 1 steps (100%) done
