*** The current working directory is /work/project/fragencode/tools/atacseq/fragencode-atacseq-pipeline/test ***
Building DAG of jobs...
Using shell: /usr/bin/bash
Provided cores: 1
Rules claiming more threads will be scaled down.
Job counts:
	count	jobs
	1	remove_pcrdup
	1

[Thu Aug 22 13:34:22 2019]
rule remove_pcrdup:
    input: liver/pig1/filtering/pig1_liver.q10.noMT.bam
    output: liver/pig1/filtering/pig1_liver.q10.noMT.nodup.bam, liver/pig1/filtering/pig1_liver.q10.noMT.nodup.bam.metrics.txt
    log: logs/filtering/liver/pig1/pig1_liver.noMTremovePCRdup.log
    jobid: 0
    wildcards: tiss=liver, anim=pig1, sample=pig1_liver

java -jar -Xmx4g /work/project/fragencode/tools/multi/picard-tools-2.20.4/picard.jar MarkDuplicates I=liver/pig1/filtering/pig1_liver.q10.noMT.bam O=liver/pig1/filtering/pig1_liver.q10.noMT.nodup.bam M=liver/pig1/filtering/pig1_liver.q10.noMT.nodup.bam.metrics.txt REMOVE_DUPLICATES=true 2> logs/filtering/liver/pig1/pig1_liver.noMTremovePCRdup.log
[Thu Aug 22 13:34:38 2019]
Finished job 0.
1 of 1 steps (100%) done
