*** The current working directory is /work/project/fragencode/tools/atacseq/fragencode-atacseq-pipeline/test ***
Building DAG of jobs...
Using shell: /usr/bin/bash
Provided cores: 4
Rules claiming more threads will be scaled down.
Job counts:
	count	jobs
	1	samtobam
	1

[Thu Aug 22 13:32:52 2019]
rule samtobam:
    input: liver/pig1/mapping/pig1_liver.sam
    output: liver/pig1/mapping/pig1_liver.unsorted.bam
    log: logs/mapping/liver/pig1/pig1_liver.tobam.log
    jobid: 0
    wildcards: tiss=liver, anim=pig1, sample=pig1_liver
    threads: 4

samtools view liver/pig1/mapping/pig1_liver.sam -Sbh -@ 4 -o liver/pig1/mapping/pig1_liver.unsorted.bam 2> logs/mapping/liver/pig1/pig1_liver.tobam.log
[Thu Aug 22 13:32:57 2019]
Finished job 0.
1 of 1 steps (100%) done
