*** The current working directory is /work/project/fragencode/tools/atacseq/fragencode-atacseq-pipeline/test ***
Building DAG of jobs...
Using shell: /usr/bin/bash
Provided cores: 4
Rules claiming more threads will be scaled down.
Job counts:
	count	jobs
	1	mapq10paired
	1

[Thu Aug 22 13:33:31 2019]
rule mapq10paired:
    input: liver/pig1/mapping/pig1_liver.mono.bam
    output: liver/pig1/mapping/pig1_liver.paired.unsorted.bam
    log: logs/mapping/liver/pig1/pig1_liver.mapq10.paired.log
    jobid: 0
    wildcards: tiss=liver, anim=pig1, sample=pig1_liver
    threads: 4

samtools sort -n -@ 4 -m 4G liver/pig1/mapping/pig1_liver.mono.bam -o - | samtools view -h - | awk -f scripts/keep.paired.reads.awk | samtools view -Sbh - > liver/pig1/mapping/pig1_liver.paired.unsorted.bam 2> logs/mapping/liver/pig1/pig1_liver.mapq10.paired.log
[bam_sort_core] merging from 0 files and 4 in-memory blocks...
[Thu Aug 22 13:33:31 2019]
Finished job 0.
1 of 1 steps (100%) done
