*** The current working directory is /work/project/fragencode/tools/atacseq/fragencode-atacseq-pipeline/test ***
Building DAG of jobs...
Using shell: /usr/bin/bash
Provided cores: 4
Rules claiming more threads will be scaled down.
Job counts:
	count	jobs
	1	bamq10sort
	1

[Thu Aug 22 13:33:42 2019]
rule bamq10sort:
    input: liver/pig1/mapping/pig1_liver.paired.unsorted.bam
    output: liver/pig1/mapping/pig1_liver.q10.bam
    log: logs/mapping/liver/pig1/pig1_liver.bamq10.sort.log
    jobid: 0
    wildcards: tiss=liver, anim=pig1, sample=pig1_liver
    threads: 4

samtools sort -@ 4 -m 4G liver/pig1/mapping/pig1_liver.paired.unsorted.bam -O bam -o liver/pig1/mapping/pig1_liver.q10.bam 2> logs/mapping/liver/pig1/pig1_liver.bamq10.sort.log
[Thu Aug 22 13:33:42 2019]
Finished job 0.
1 of 1 steps (100%) done
