*** The current working directory is /work/project/fragencode/tools/atacseq/fragencode-atacseq-pipeline/test ***
Building DAG of jobs...
Using shell: /usr/bin/bash
Provided cores: 4
Rules claiming more threads will be scaled down.
Job counts:
	count	jobs
	1	mapq10
	1

[Thu Aug 22 13:33:21 2019]
rule mapq10:
    input: liver/pig1/mapping/pig1_liver.bam
    output: liver/pig1/mapping/pig1_liver.mono.bam
    log: logs/mapping/liver/pig1/pig1_liver.mapq10.log
    jobid: 0
    wildcards: tiss=liver, anim=pig1, sample=pig1_liver
    threads: 4

samtools view -@ 4 -F 12 -q 10 -bh liver/pig1/mapping/pig1_liver.bam > liver/pig1/mapping/pig1_liver.mono.bam 2> logs/mapping/liver/pig1/pig1_liver.mapq10.log
[Thu Aug 22 13:33:22 2019]
Finished job 0.
1 of 1 steps (100%) done
